// Jest Snapshot v1, https://goo.gl/fbAQLP

exports[`UniswapV3Pool gas tests fee is off #burn above current price burn entire position after some time passes 1`] = `61404`;

exports[`UniswapV3Pool gas tests fee is off #burn above current price burn when only position using ticks 1`] = `61404`;

exports[`UniswapV3Pool gas tests fee is off #burn above current price entire position burn but other positions are using the ticks 1`] = `80341`;

exports[`UniswapV3Pool gas tests fee is off #burn above current price partial position burn 1`] = `95341`;

exports[`UniswapV3Pool gas tests fee is off #burn around current price burn entire position after some time passes 1`] = `76850`;

exports[`UniswapV3Pool gas tests fee is off #burn around current price burn when only position using ticks 1`] = `73446`;

exports[`UniswapV3Pool gas tests fee is off #burn around current price entire position burn but other positions are using the ticks 1`] = `91826`;

exports[`UniswapV3Pool gas tests fee is off #burn around current price partial position burn 1`] = `106826`;

exports[`UniswapV3Pool gas tests fee is off #burn below current price burn entire position after some time passes 1`] = `70122`;

exports[`UniswapV3Pool gas tests fee is off #burn below current price burn when only position using ticks 1`] = `70122`;

exports[`UniswapV3Pool gas tests fee is off #burn below current price entire position burn but other positions are using the ticks 1`] = `80978`;

exports[`UniswapV3Pool gas tests fee is off #burn below current price partial position burn 1`] = `95978`;

exports[`UniswapV3Pool gas tests fee is off #collect close to worst case 1`] = `40638`;

exports[`UniswapV3Pool gas tests fee is off #increaseObservationCardinalityNext grow by 1 slot 1`] = `54820`;

exports[`UniswapV3Pool gas tests fee is off #increaseObservationCardinalityNext no op 1`] = `28299`;

exports[`UniswapV3Pool gas tests fee is off #mint above current price add to position after some time passes 1`] = `111063`;

exports[`UniswapV3Pool gas tests fee is off #mint above current price add to position existing 1`] = `111063`;

exports[`UniswapV3Pool gas tests fee is off #mint above current price new position mint first in range 1`] = `220937`;

exports[`UniswapV3Pool gas tests fee is off #mint above current price second position in same range 1`] = `126063`;

exports[`UniswapV3Pool gas tests fee is off #mint around current price add to position after some time passes 1`] = `162833`;

exports[`UniswapV3Pool gas tests fee is off #mint around current price add to position existing 1`] = `151826`;

exports[`UniswapV3Pool gas tests fee is off #mint around current price new position mint first in range 1`] = `333638`;

exports[`UniswapV3Pool gas tests fee is off #mint around current price second position in same range 1`] = `166826`;

exports[`UniswapV3Pool gas tests fee is off #mint below current price add to position after some time passes 1`] = `111651`;

exports[`UniswapV3Pool gas tests fee is off #mint below current price add to position existing 1`] = `111651`;

exports[`UniswapV3Pool gas tests fee is off #mint below current price new position mint first in range 1`] = `304987`;

exports[`UniswapV3Pool gas tests fee is off #mint below current price second position in same range 1`] = `126651`;

exports[`UniswapV3Pool gas tests fee is off #poke best case 1`] = `42628`;

exports[`UniswapV3Pool gas tests fee is off #swapExact0For1 first swap in block moves tick, no initialized crossings 1`] = `118432`;

exports[`UniswapV3Pool gas tests fee is off #swapExact0For1 first swap in block with no tick movement 1`] = `104376`;

exports[`UniswapV3Pool gas tests fee is off #swapExact0For1 first swap in block, large swap crossing a single initialized tick 1`] = `136851`;

exports[`UniswapV3Pool gas tests fee is off #swapExact0For1 first swap in block, large swap crossing several initialized ticks 1`] = `164160`;

exports[`UniswapV3Pool gas tests fee is off #swapExact0For1 first swap in block, large swap, no initialized crossings 1`] = `130435`;

exports[`UniswapV3Pool gas tests fee is off #swapExact0For1 large swap crossing several initialized ticks after some time passes 1`] = `164160`;

exports[`UniswapV3Pool gas tests fee is off #swapExact0For1 large swap crossing several initialized ticks second time after some time passes 1`] = `224160`;

exports[`UniswapV3Pool gas tests fee is off #swapExact0For1 second swap in block moves tick, no initialized crossings 1`] = `118432`;

exports[`UniswapV3Pool gas tests fee is off #swapExact0For1 second swap in block with no tick movement 1`] = `104487`;

exports[`UniswapV3Pool gas tests fee is off #swapExact0For1 second swap in block, large swap crossing a single initialized tick 1`] = `124311`;

exports[`UniswapV3Pool gas tests fee is off #swapExact0For1 second swap in block, large swap crossing several initialized ticks 1`] = `151599`;

exports[`UniswapV3Pool gas tests fee is on #burn above current price burn entire position after some time passes 1`] = `61404`;

exports[`UniswapV3Pool gas tests fee is on #burn above current price burn when only position using ticks 1`] = `61404`;

exports[`UniswapV3Pool gas tests fee is on #burn above current price entire position burn but other positions are using the ticks 1`] = `80341`;

exports[`UniswapV3Pool gas tests fee is on #burn above current price partial position burn 1`] = `95341`;

exports[`UniswapV3Pool gas tests fee is on #burn around current price burn entire position after some time passes 1`] = `76850`;

exports[`UniswapV3Pool gas tests fee is on #burn around current price burn when only position using ticks 1`] = `73446`;

exports[`UniswapV3Pool gas tests fee is on #burn around current price entire position burn but other positions are using the ticks 1`] = `91826`;

exports[`UniswapV3Pool gas tests fee is on #burn around current price partial position burn 1`] = `106826`;

exports[`UniswapV3Pool gas tests fee is on #burn below current price burn entire position after some time passes 1`] = `70122`;

exports[`UniswapV3Pool gas tests fee is on #burn below current price burn when only position using ticks 1`] = `70122`;

exports[`UniswapV3Pool gas tests fee is on #burn below current price entire position burn but other positions are using the ticks 1`] = `80978`;

exports[`UniswapV3Pool gas tests fee is on #burn below current price partial position burn 1`] = `95978`;

exports[`UniswapV3Pool gas tests fee is on #collect close to worst case 1`] = `40638`;

exports[`UniswapV3Pool gas tests fee is on #increaseObservationCardinalityNext grow by 1 slot 1`] = `54820`;

exports[`UniswapV3Pool gas tests fee is on #increaseObservationCardinalityNext no op 1`] = `28299`;

exports[`UniswapV3Pool gas tests fee is on #mint above current price add to position after some time passes 1`] = `111063`;

exports[`UniswapV3Pool gas tests fee is on #mint above current price add to position existing 1`] = `111063`;

exports[`UniswapV3Pool gas tests fee is on #mint above current price new position mint first in range 1`] = `220937`;

exports[`UniswapV3Pool gas tests fee is on #mint above current price second position in same range 1`] = `126063`;

exports[`UniswapV3Pool gas tests fee is on #mint around current price add to position after some time passes 1`] = `162833`;

exports[`UniswapV3Pool gas tests fee is on #mint around current price add to position existing 1`] = `151826`;

exports[`UniswapV3Pool gas tests fee is on #mint around current price new position mint first in range 1`] = `333638`;

exports[`UniswapV3Pool gas tests fee is on #mint around current price second position in same range 1`] = `166826`;

exports[`UniswapV3Pool gas tests fee is on #mint below current price add to position after some time passes 1`] = `111651`;

exports[`UniswapV3Pool gas tests fee is on #mint below current price add to position existing 1`] = `111651`;

exports[`UniswapV3Pool gas tests fee is on #mint below current price new position mint first in range 1`] = `304987`;

exports[`UniswapV3Pool gas tests fee is on #mint below current price second position in same range 1`] = `126651`;

exports[`UniswapV3Pool gas tests fee is on #poke best case 1`] = `42628`;

exports[`UniswapV3Pool gas tests fee is on #swapExact0For1 first swap in block moves tick, no initialized crossings 1`] = `124619`;

exports[`UniswapV3Pool gas tests fee is on #swapExact0For1 first swap in block with no tick movement 1`] = `110416`;

exports[`UniswapV3Pool gas tests fee is on #swapExact0For1 first swap in block, large swap crossing a single initialized tick 1`] = `143185`;

exports[`UniswapV3Pool gas tests fee is on #swapExact0For1 first swap in block, large swap crossing several initialized ticks 1`] = `170935`;

exports[`UniswapV3Pool gas tests fee is on #swapExact0For1 first swap in block, large swap, no initialized crossings 1`] = `136916`;

exports[`UniswapV3Pool gas tests fee is on #swapExact0For1 large swap crossing several initialized ticks after some time passes 1`] = `170935`;

exports[`UniswapV3Pool gas tests fee is on #swapExact0For1 large swap crossing several initialized ticks second time after some time passes 1`] = `230935`;

exports[`UniswapV3Pool gas tests fee is on #swapExact0For1 second swap in block moves tick, no initialized crossings 1`] = `124619`;

exports[`UniswapV3Pool gas tests fee is on #swapExact0For1 second swap in block with no tick movement 1`] = `110527`;

exports[`UniswapV3Pool gas tests fee is on #swapExact0For1 second swap in block, large swap crossing a single initialized tick 1`] = `130498`;

exports[`UniswapV3Pool gas tests fee is on #swapExact0For1 second swap in block, large swap crossing several initialized ticks 1`] = `158227`;
